ARM Linker, 5.03 [Build 76] [MDK-ARM Standard]

==============================================================================

Section Cross References

    lab2.o(RESET) refers to lab2.o(mycode) for start
    lab2.o(mycode) refers to lab2.o(RESET) for chuoi
    lab2.o(mycode) refers to lab2.o(KQ) for Tong


==============================================================================

Image Symbol Table

    Local Symbols

    Symbol Name                              Value     Ov Type        Size  Object(Section)

    lab2.s                                   0x00000000   Number         0  lab2.o ABSOLUTE
    RESET                                    0x08000000   Section       28  lab2.o(RESET)
    chuoi                                    0x08000008   Data          20  lab2.o(RESET)
    mycode                                   0x0800001c   Section       88  lab2.o(mycode)
    KQ                                       0x20000000   Section       12  lab2.o(KQ)
    Tong                                     0x20000000   Data           4  lab2.o(KQ)
    Nguyen                                   0x20000004   Data           4  lab2.o(KQ)
    Du                                       0x20000008   Data           4  lab2.o(KQ)

    Global Symbols

    Symbol Name                              Value     Ov Type        Size  Object(Section)

    BuildAttributes$$THM_ISAv4$P$D$K$B$S$PE$A:L22UL41UL21$X:L11$S22US41US21$IEEE1$IW$USESV6$~STKCKD$USESV7$~SHL$OSPACE$EBA8$STANDARDLIB$PRES8$EABIv2 0x00000000   Number         0  anon$$obj.o ABSOLUTE
    start                                    0x0800001d   Thumb Code     0  lab2.o(mycode)



==============================================================================

Memory Map of the image

  Image Entry point : 0x0800001d

  Load Region LR_IROM1 (Base: 0x08000000, Size: 0x00000080, Max: 0x00020000, ABSOLUTE)

    Execution Region ER_IROM1 (Base: 0x08000000, Size: 0x00000074, Max: 0x00020000, ABSOLUTE)

    Base Addr    Size         Type   Attr      Idx    E Section Name        Object

    0x08000000   0x0000001c   Data   RO            1    RESET               lab2.o
    0x0800001c   0x00000058   Code   RO            3  * mycode              lab2.o


    Execution Region RW_IRAM1 (Base: 0x20000000, Size: 0x0000000c, Max: 0x00002000, ABSOLUTE)

    Base Addr    Size         Type   Attr      Idx    E Section Name        Object

    0x20000000   0x0000000c   Data   RW            2    KQ                  lab2.o


==============================================================================

Image component sizes


      Code (inc. data)   RO Data    RW Data    ZI Data      Debug   Object Name

        88         18         28         12          0        212   lab2.o

    ----------------------------------------------------------------------
        88         18         28         12          0        212   Object Totals
         0          0          0          0          0          0   (incl. Generated)
         0          0          0          0          0          0   (incl. Padding)

    ----------------------------------------------------------------------
         0          0          0          0          0          0   Library Totals
         0          0          0          0          0          0   (incl. Padding)

    ----------------------------------------------------------------------

==============================================================================


      Code (inc. data)   RO Data    RW Data    ZI Data      Debug   

        88         18         28         12          0        212   Grand Totals
        88         18         28         12          0        212   ELF Image Totals
        88         18         28         12          0          0   ROM Totals

==============================================================================

    Total RO  Size (Code + RO Data)                  116 (   0.11kB)
    Total RW  Size (RW Data + ZI Data)                12 (   0.01kB)
    Total ROM Size (Code + RO Data + RW Data)        128 (   0.13kB)

==============================================================================

