<html>
<body>
<pre>
<h1>µVision Build Log</h1>
<h2>Project:</h2>
F:\KMA\hopngu\thuc hanh\LAB2\2.1\lab2.uvproj
Project File Date:  <unknown>

<h2>Output:</h2>
Build target 'Target 1'
assembling lab2.s...
lab2.s(1): error: A1163E: Unknown opcode RESET,DATA,READONLY , expecting opcode or Macro
lab2.s(2): error: A1105E: Area directive missing
lab2.s(2): warning: A1088W: Faking declaration of area AREA |$$$$$$$|
".\lab2.axf" - 2 Errors, 1 Warning(s).
Target not created
Build target 'Target 1'
assembling lab2.s...
lab2.s(1): error: A1163E: Unknown opcode RESET,DATA,READONLY , expecting opcode or Macro
lab2.s(2): error: A1105E: Area directive missing
lab2.s(2): warning: A1088W: Faking declaration of area AREA |$$$$$$$|
".\lab2.axf" - 2 Errors, 1 Warning(s).
Target not created
Build target 'Target 1'
assembling lab2.s...
lab2.s(1): error: A1163E: Unknown opcode RESET,DATA,READONLY , expecting opcode or Macro
lab2.s(2): error: A1105E: Area directive missing
lab2.s(2): warning: A1088W: Faking declaration of area AREA |$$$$$$$|
".\lab2.axf" - 2 Errors, 1 Warning(s).
Target not created
Build target 'Target 1'
assembling lab2.s...
lab2.s(1): error: A1163E: Unknown opcode RESET,DATA,READONLY , expecting opcode or Macro
lab2.s(2): error: A1105E: Area directive missing
lab2.s(2): warning: A1088W: Faking declaration of area AREA |$$$$$$$|
".\lab2.axf" - 2 Errors, 1 Warning(s).
Target not created
Build target 'Target 1'
assembling lab2.s...
lab2.s(1): error: A1163E: Unknown opcode RESET,DATA,READONLY , expecting opcode or Macro
lab2.s(2): error: A1105E: Area directive missing
lab2.s(2): warning: A1088W: Faking declaration of area AREA |$$$$$$$|
".\lab2.axf" - 2 Errors, 1 Warning(s).
Target not created
Build target 'Target 1'
assembling lab2.s...
lab2.s(1): error: A1163E: Unknown opcode RESET,DATA,READONLY , expecting opcode or Macro
lab2.s(2): error: A1105E: Area directive missing
lab2.s(2): warning: A1088W: Faking declaration of area AREA |$$$$$$$|
".\lab2.axf" - 2 Errors, 1 Warning(s).
Target not created
Build target 'Target 1'
assembling lab2.s...
lab2.s(1): error: A1163E: Unknown opcode RESET,DATA,READONLY , expecting opcode or Macro
lab2.s(2): error: A1105E: Area directive missing
lab2.s(2): warning: A1088W: Faking declaration of area AREA |$$$$$$$|
".\lab2.axf" - 2 Errors, 1 Warning(s).
Target not created
assembling lab2.s...
lab2.s(1): error: A1163E: Unknown opcode RESET,DATA,READONLY , expecting opcode or Macro
lab2.s(2): error: A1105E: Area directive missing
lab2.s(2): warning: A1088W: Faking declaration of area AREA |$$$$$$$|
"lab2.s" - 2 Errors, 1 Warning(s).
Build target 'Target 1'
assembling lab2.s...
lab2.s(32): warning: A1581W: Added 2 bytes of padding at address 0x2a
linking...
.\lab2.sct(8): warning: L6314W: No section matches pattern *(InRoot$$Sections).
Program Size: Code=48 RO-data=28 RW-data=4 ZI-data=0  
".\lab2.axf" - 0 Errors, 2 Warning(s).
Rebuild target 'Target 1'
assembling lab2.s...
lab2.s(32): warning: A1581W: Added 2 bytes of padding at address 0x2a
linking...
.\lab2.sct(8): warning: L6314W: No section matches pattern *(InRoot$$Sections).
Program Size: Code=48 RO-data=28 RW-data=4 ZI-data=0  
".\lab2.axf" - 0 Errors, 2 Warning(s).
Rebuild target 'Target 1'
assembling lab2.s...
lab2.s(32): warning: A1581W: Added 2 bytes of padding at address 0x2a
linking...
.\lab2.sct(8): warning: L6314W: No section matches pattern *(InRoot$$Sections).
Program Size: Code=48 RO-data=28 RW-data=4 ZI-data=0  
".\lab2.axf" - 0 Errors, 2 Warning(s).
assembling lab2.s...
lab2.s(32): warning: A1581W: Added 2 bytes of padding at address 0x2a
"lab2.s" - 0 Errors, 1 Warning(s).
Build target 'Target 1'
linking...
.\lab2.sct(8): warning: L6314W: No section matches pattern *(InRoot$$Sections).
Program Size: Code=48 RO-data=28 RW-data=4 ZI-data=0  
".\lab2.axf" - 0 Errors, 1 Warning(s).
