<html>
<body>
<pre>
<h1>µVision Build Log</h1>
<h2>Project:</h2>
F:\KMA\hopngu\thuc hanh\lab1\1.4\lab1.4.uvproj
Project File Date:  10/05/2023

<h2>Output:</h2>
assembling lab1.s...
"lab1.s" - 0 Errors, 0 Warning(s).
Build target 'Target 1'
linking...
.\lab1.sct(8): warning: L6314W: No section matches pattern *(InRoot$$Sections).
Program Size: Code=24 RO-data=8 RW-data=0 ZI-data=0  
".\lab1.4" - 0 Errors, 1 Warning(s).
assembling lab1.s...
"lab1.s" - 0 Errors, 0 Warning(s).
Build target 'Target 1'
linking...
.\lab1.sct(8): warning: L6314W: No section matches pattern *(InRoot$$Sections).
Program Size: Code=28 RO-data=8 RW-data=0 ZI-data=0  
".\lab1.4" - 0 Errors, 1 Warning(s).
Rebuild target 'Target 1'
assembling lab1.s...
linking...
.\lab1.sct(8): warning: L6314W: No section matches pattern *(InRoot$$Sections).
Program Size: Code=28 RO-data=8 RW-data=0 ZI-data=0  
".\lab1.4" - 0 Errors, 1 Warning(s).
