<html>
<body>
<pre>
<h1>µVision Build Log</h1>
<h2>Project:</h2>
F:\KMA\hopngu\thuc hanh\lab2\2.6\lab2.6.uvproj
Project File Date:  10/09/2023

<h2>Output:</h2>
assembling lab2.s...
"lab2.s" - 0 Errors, 0 Warning(s).
Build target 'Target 1'
linking...
.\lab2.sct(8): warning: L6314W: No section matches pattern *(InRoot$$Sections).
Program Size: Code=72 RO-data=80 RW-data=0 ZI-data=0  
".\lab2.6" - 0 Errors, 1 Warning(s).
assembling lab2.s...
"lab2.s" - 0 Errors, 0 Warning(s).
Build target 'Target 1'
linking...
.\lab2.sct(8): warning: L6314W: No section matches pattern *(InRoot$$Sections).
Program Size: Code=72 RO-data=80 RW-data=0 ZI-data=0  
".\lab2.6" - 0 Errors, 1 Warning(s).
assembling lab2.s...
lab2.s(79): warning: A1581W: Added 2 bytes of padding at address 0x6e
"lab2.s" - 0 Errors, 1 Warning(s).
Build target 'Target 1'
linking...
.\lab2.sct(8): warning: L6314W: No section matches pattern *(InRoot$$Sections).
Program Size: Code=116 RO-data=80 RW-data=0 ZI-data=0  
".\lab2.6" - 0 Errors, 1 Warning(s).
Build target 'Target 1'
linking...
.\lab2.sct(8): warning: L6314W: No section matches pattern *(InRoot$$Sections).
Program Size: Code=116 RO-data=80 RW-data=0 ZI-data=0  
".\lab2.6" - 0 Errors, 1 Warning(s).
