


ARM Macro Assembler    Page 1 


    1 00000000                 AREA             RESET, DATA, READONLY
    2 00000000 20001000        DCD              0x20001000
    3 00000004 00000000        DCD              Reset_Handler
    4 00000008 00000001 
              00000001 
              00000001 
              00000001 matran  DCD              1,1,1,1
    5 00000018 00000001 
              00000002 
              00000001 
              00000001         DCD              1,2,1,1
    6 00000028 00000001 
              00000003 
              00000004 
              00000001         DCD              1,3,4,1
    7 00000038 00000001 
              00000001 
              00000001 
              00000005         DCD              1,1,1,5
    8 00000048         
    9 00000048                 AREA             RESET, DATA, READWRITE
   10 00000048 00000000 
                       MAXCC   DCD              0
   11 0000004C 00000000 
                       MINCC   DCD              0
   12 00000050         
   13 00000050                 AREA             MYCODE, CODE, READONLY
   14 00000000                 ENTRY
   15 00000000                 EXPORT           Reset_Handler
   16 00000000         
   17 00000000         Reset_Handler
   18 00000000         ;============================
   19 00000000 00000004 
                       hang    EQU              4
   20 00000000 4A0E            LDR              R2,=matran
   21 00000002 F04F 0304       LDR              R3,=hang
   22 00000006 F852 4B14       LDR              R4,[R2],#20
   23 0000000A 4620            MOV              R0,R4       ;MAX
   24 0000000C 4621            MOV              R1,R4       ;MIN
   25 0000000E F1A3 0301       SUB              R3,#1       ;lay truoc 1 lan th
                                                            i phai tru di
   26 00000012         
   27 00000012         loop
   28 00000012 2B00            CMP              R3,#0
   29 00000014 D00D            BEQ              thoat
   30 00000016 F852 4B14       LDR              R4,[R2],#20 ;12
   31 0000001A 4284            CMP              R4,R0
   32 0000001C DC04            BGT              PMAX
   33 0000001E 428C            CMP              R4,R1
   34 00000020 DB00            BLT              PMIN
   35 00000022 E003            B                tiep
   36 00000024         PMIN
   37 00000024 4621            MOV              R1,R4       ;gan gia tri R0 cho
                                                             R4
   38 00000026 E001            B                tiep
   39 00000028         
   40 00000028         PMAX
   41 00000028 4620            MOV              R0,R4       ;gan gia tri R0 cho
                                                             R4



ARM Macro Assembler    Page 2 


   42 0000002A E7FF            B                tiep
   43 0000002C         tiep
   44 0000002C F1A3 0301       SUB              R3,#1
   45 00000030 E7EF            B                loop
   46 00000032         thoat
   47 00000032 4E03            LDR              R6,=MAXCC
   48 00000034 6030            STR              R0,[R6]
   49 00000036 4F03            LDR              R7,=MINCC
   50 00000038 6039            STR              R1,[R7]
   51 0000003A DF11            SWI              &11
   52 0000003C         
   53 0000003C                 END
              00000000 
              00000000 
              00000000 
Command Line: --debug --xref --cpu=Cortex-M3 --apcs=interwork --depend=.\lab2.d
 -o.\lab2.o -IE:\Keil\ARM\RV31\INC -IE:\Keil\ARM\CMSIS\Include -IE:\Keil\ARM\In
c\ST\STM32F10x --list=.\lab2.lst lab2.s



ARM Macro Assembler    Page 1 Alphabetic symbol ordering
Relocatable symbols

MAXCC 00000048

Symbol: MAXCC
   Definitions
      At line 10 in file lab2.s
   Uses
      At line 47 in file lab2.s
Comment: MAXCC used once
MINCC 0000004C

Symbol: MINCC
   Definitions
      At line 11 in file lab2.s
   Uses
      At line 49 in file lab2.s
Comment: MINCC used once
RESET 00000000

Symbol: RESET
   Definitions
      At line 1 in file lab2.s
   Uses
      None
Comment: RESET unused
matran 00000008

Symbol: matran
   Definitions
      At line 4 in file lab2.s
   Uses
      At line 20 in file lab2.s
Comment: matran used once
4 symbols



ARM Macro Assembler    Page 1 Alphabetic symbol ordering
Relocatable symbols

MYCODE 00000000

Symbol: MYCODE
   Definitions
      At line 13 in file lab2.s
   Uses
      None
Comment: MYCODE unused
PMAX 00000028

Symbol: PMAX
   Definitions
      At line 40 in file lab2.s
   Uses
      At line 32 in file lab2.s
Comment: PMAX used once
PMIN 00000024

Symbol: PMIN
   Definitions
      At line 36 in file lab2.s
   Uses
      At line 34 in file lab2.s
Comment: PMIN used once
Reset_Handler 00000000

Symbol: Reset_Handler
   Definitions
      At line 17 in file lab2.s
   Uses
      At line 3 in file lab2.s
      At line 15 in file lab2.s

loop 00000012

Symbol: loop
   Definitions
      At line 27 in file lab2.s
   Uses
      At line 45 in file lab2.s
Comment: loop used once
thoat 00000032

Symbol: thoat
   Definitions
      At line 46 in file lab2.s
   Uses
      At line 29 in file lab2.s
Comment: thoat used once
tiep 0000002C

Symbol: tiep
   Definitions
      At line 43 in file lab2.s
   Uses
      At line 35 in file lab2.s
      At line 38 in file lab2.s
      At line 42 in file lab2.s




ARM Macro Assembler    Page 2 Alphabetic symbol ordering
Relocatable symbols

7 symbols



ARM Macro Assembler    Page 1 Alphabetic symbol ordering
Absolute symbols

hang 00000004

Symbol: hang
   Definitions
      At line 19 in file lab2.s
   Uses
      At line 21 in file lab2.s
Comment: hang used once
1 symbol
344 symbols in table
