ARM Linker, 5.03 [Build 76] [MDK-ARM Standard]

==============================================================================

Section Cross References

    lab51d.o(RESET) refers to lab51d.o(MYCODE) for Reset_Handler
    lab51d.o(MYCODE) refers to lab51d.o(RESET) for DD
    lab51d.o(MYCODE) refers to lab51d.o(KETQUA) for DR


==============================================================================

Image Symbol Table

    Local Symbols

    Symbol Name                              Value     Ov Type        Size  Object(Section)

    lab51d.s                                 0x00000000   Number         0  lab51d.o ABSOLUTE
    RESET                                    0x08000000   Section       20  lab51d.o(RESET)
    DV                                       0x08000008   Data           8  lab51d.o(RESET)
    DD                                       0x08000010   Data           4  lab51d.o(RESET)
    MYCODE                                   0x08000014   Section       84  lab51d.o(MYCODE)
    KETQUA                                   0x20000000   Section      100  lab51d.o(KETQUA)
    DR                                       0x20000000   Data         100  lab51d.o(KETQUA)

    Global Symbols

    Symbol Name                              Value     Ov Type        Size  Object(Section)

    BuildAttributes$$THM_ISAv4$P$D$K$B$S$PE$A:L22UL41UL21$X:L11$S22US41US21$IEEE1$IW$USESV6$~STKCKD$USESV7$~SHL$OSPACE$EBA8$STANDARDLIB$PRES8$EABIv2 0x00000000   Number         0  anon$$obj.o ABSOLUTE
    Reset_Handler                            0x08000015   Thumb Code     0  lab51d.o(MYCODE)



==============================================================================

Memory Map of the image

  Image Entry point : 0x08000015

  Load Region LR_IROM1 (Base: 0x08000000, Size: 0x000000cc, Max: 0x00020000, ABSOLUTE)

    Execution Region ER_IROM1 (Base: 0x08000000, Size: 0x00000068, Max: 0x00020000, ABSOLUTE)

    Base Addr    Size         Type   Attr      Idx    E Section Name        Object

    0x08000000   0x00000014   Data   RO            1    RESET               lab51d.o
    0x08000014   0x00000054   Code   RO            3  * MYCODE              lab51d.o


    Execution Region RW_IRAM1 (Base: 0x20000000, Size: 0x00000064, Max: 0x00002000, ABSOLUTE)

    Base Addr    Size         Type   Attr      Idx    E Section Name        Object

    0x20000000   0x00000064   Data   RW            2    KETQUA              lab51d.o


==============================================================================

Image component sizes


      Code (inc. data)   RO Data    RW Data    ZI Data      Debug   Object Name

        84         10         20        100          0        216   lab51d.o

    ----------------------------------------------------------------------
        84         10         20        100          0        216   Object Totals
         0          0          0          0          0          0   (incl. Generated)
         0          0          0          0          0          0   (incl. Padding)

    ----------------------------------------------------------------------
         0          0          0          0          0          0   Library Totals
         0          0          0          0          0          0   (incl. Padding)

    ----------------------------------------------------------------------

==============================================================================


      Code (inc. data)   RO Data    RW Data    ZI Data      Debug   

        84         10         20        100          0        216   Grand Totals
        84         10         20        100          0        216   ELF Image Totals
        84         10         20        100          0          0   ROM Totals

==============================================================================

    Total RO  Size (Code + RO Data)                  104 (   0.10kB)
    Total RW  Size (RW Data + ZI Data)               100 (   0.10kB)
    Total ROM Size (Code + RO Data + RW Data)        204 (   0.20kB)

==============================================================================

