<html>
<body>
<pre>
<h1>µVision Build Log</h1>
<h2>Project:</h2>
F:\KMA\hopngu\thuc hanh\lab3\3.5\lab3.5.uvproj
Project File Date:  10/10/2023

<h2>Output:</h2>
assembling lab3.s...
"lab3.s" - 0 Errors, 0 Warning(s).
Build target 'Target 1'
linking...
.\lab3.sct(8): warning: L6314W: No section matches pattern *(InRoot$$Sections).
Program Size: Code=44 RO-data=16 RW-data=0 ZI-data=0  
".\lab3.5" - 0 Errors, 1 Warning(s).
Rebuild target 'Target 1'
assembling lab3.s...
linking...
.\lab3.sct(8): warning: L6314W: No section matches pattern *(InRoot$$Sections).
Program Size: Code=44 RO-data=16 RW-data=0 ZI-data=0  
".\lab3.5" - 0 Errors, 1 Warning(s).
Build target 'Target 1'
linking...
.\lab3.sct(8): warning: L6314W: No section matches pattern *(InRoot$$Sections).
Program Size: Code=44 RO-data=16 RW-data=0 ZI-data=0  
".\lab3.5" - 0 Errors, 1 Warning(s).
assembling lab3.s...
"lab3.s" - 0 Errors, 0 Warning(s).
Build target 'Target 1'
linking...
.\lab3.sct(8): warning: L6314W: No section matches pattern *(InRoot$$Sections).
Program Size: Code=44 RO-data=16 RW-data=0 ZI-data=0  
".\lab3.5" - 0 Errors, 1 Warning(s).
