ARM Linker, 5.03 [Build 76] [MDK-ARM Standard]

==============================================================================

Section Cross References

    bai3lab3.o(RESET) refers to bai3lab3.o(mycode) for start
    bai3lab3.o(mycode) refers to bai3lab3.o(RESET) for X
    bai3lab3.o(mycode) refers to bai3lab3.o(KQ) for Nguyen


==============================================================================

Image Symbol Table

    Local Symbols

    Symbol Name                              Value     Ov Type        Size  Object(Section)

    bai3lab3.s                               0x00000000   Number         0  bai3lab3.o ABSOLUTE
    RESET                                    0x08000000   Section       16  bai3lab3.o(RESET)
    X                                        0x08000008   Data           4  bai3lab3.o(RESET)
    Y                                        0x0800000c   Data           4  bai3lab3.o(RESET)
    mycode                                   0x08000010   Section       44  bai3lab3.o(mycode)
    KQ                                       0x20000000   Section        8  bai3lab3.o(KQ)
    Nguyen                                   0x20000000   Data           4  bai3lab3.o(KQ)
    Du                                       0x20000004   Data           4  bai3lab3.o(KQ)

    Global Symbols

    Symbol Name                              Value     Ov Type        Size  Object(Section)

    BuildAttributes$$THM_ISAv4$P$D$K$B$S$PE$A:L22UL41UL21$X:L11$S22US41US21$IEEE1$IW$USESV6$~STKCKD$USESV7$~SHL$OSPACE$EBA8$STANDARDLIB$PRES8$EABIv2 0x00000000   Number         0  anon$$obj.o ABSOLUTE
    start                                    0x08000011   Thumb Code     0  bai3lab3.o(mycode)



==============================================================================

Memory Map of the image

  Image Entry point : 0x08000011

  Load Region LR_IROM1 (Base: 0x08000000, Size: 0x00000044, Max: 0x00020000, ABSOLUTE)

    Execution Region ER_IROM1 (Base: 0x08000000, Size: 0x0000003c, Max: 0x00020000, ABSOLUTE)

    Base Addr    Size         Type   Attr      Idx    E Section Name        Object

    0x08000000   0x00000010   Data   RO            1    RESET               bai3lab3.o
    0x08000010   0x0000002c   Code   RO            3  * mycode              bai3lab3.o


    Execution Region RW_IRAM1 (Base: 0x20000000, Size: 0x00000008, Max: 0x00004000, ABSOLUTE)

    Base Addr    Size         Type   Attr      Idx    E Section Name        Object

    0x20000000   0x00000008   Data   RW            2    KQ                  bai3lab3.o


==============================================================================

Image component sizes


      Code (inc. data)   RO Data    RW Data    ZI Data      Debug   Object Name

        44         10         16          8          0        208   bai3lab3.o

    ----------------------------------------------------------------------
        44         10         16          8          0        208   Object Totals
         0          0          0          0          0          0   (incl. Generated)
         0          0          0          0          0          0   (incl. Padding)

    ----------------------------------------------------------------------
         0          0          0          0          0          0   Library Totals
         0          0          0          0          0          0   (incl. Padding)

    ----------------------------------------------------------------------

==============================================================================


      Code (inc. data)   RO Data    RW Data    ZI Data      Debug   

        44         10         16          8          0        208   Grand Totals
        44         10         16          8          0        208   ELF Image Totals
        44         10         16          8          0          0   ROM Totals

==============================================================================

    Total RO  Size (Code + RO Data)                   60 (   0.06kB)
    Total RW  Size (RW Data + ZI Data)                 8 (   0.01kB)
    Total ROM Size (Code + RO Data + RW Data)         68 (   0.07kB)

==============================================================================

