<html>
<body>
<pre>
<h1>µVision Build Log</h1>
<h2>Project:</h2>
F:\KMA\hopngu\thuc hanh\lab4\4.1\f\lab4.1f.uvproj
Project File Date:  10/13/2023

<h2>Output:</h2>
assembling lab4.s...
lab4.s(57): warning: A1488W: PROC/FUNC at line 26 in 'lab4.s' without matching ENDP/ENDFUNC
lab4.s(57): warning: A1581W: Added 2 bytes of padding at address 0x4a
"lab4.s" - 0 Errors, 2 Warning(s).
Build target 'Target 1'
linking...
.\lab4.sct(8): warning: L6314W: No section matches pattern *(InRoot$$Sections).
Program Size: Code=88 RO-data=44 RW-data=8 ZI-data=0  
".\lab4.1f" - 0 Errors, 1 Warning(s).
Build target 'Target 1'
linking...
.\lab4.sct(8): warning: L6314W: No section matches pattern *(InRoot$$Sections).
Program Size: Code=88 RO-data=44 RW-data=8 ZI-data=0  
".\lab4.1f" - 0 Errors, 1 Warning(s).
Rebuild target 'Target 1'
assembling lab4.s...
lab4.s(57): warning: A1488W: PROC/FUNC at line 26 in 'lab4.s' without matching ENDP/ENDFUNC
lab4.s(57): warning: A1581W: Added 2 bytes of padding at address 0x4a
linking...
.\lab4.sct(8): warning: L6314W: No section matches pattern *(InRoot$$Sections).
Program Size: Code=88 RO-data=44 RW-data=8 ZI-data=0  
".\lab4.1f" - 0 Errors, 3 Warning(s).
assembling lab4.s...
lab4.s(57): warning: A1488W: PROC/FUNC at line 26 in 'lab4.s' without matching ENDP/ENDFUNC
lab4.s(57): warning: A1581W: Added 2 bytes of padding at address 0x4a
"lab4.s" - 0 Errors, 2 Warning(s).
