


ARM Macro Assembler    Page 1 


    1 00000000         
    2 00000000                 AREA             RESET, DATA,READONLY
    3 00000000 20001000        DCD              0X20001000
    4 00000004 00000000        DCD              start
    5 00000008 00000014 
                       X       DCD              20
    6 0000000C 0000000C 
                       Y       DCD              12
    7 00000010                 AREA             MYCODE, CODE,READONLY
    8 00000000                 ENTRY
    9 00000000         
   10 00000000         start
   11 00000000         ;==============
   12 00000000 F04F 0000       MOV              R0,#0
   13 00000004 F85F 1004       LDR              R1,X
   14 00000008 F85F 2004       LDR              R2,Y
   15 0000000C B407            PUSH{R0,R1,R2}
   16 0000000E F7FF FFFE       BL               CT1
   17 00000012         
   18 00000012         CT1     PROC
   19 00000012 BC07            POP{R0,R1,R2}
   20 00000014 2900            CMP              R1,#0
   21 00000016 DD0E            BLE              thoat
   22 00000018 2A00            CMP              R2,#0
   23 0000001A DD0C            BLE              thoat
   24 0000001C         looptru
   25 0000001C 4291            CMP              R1,R2       ;kiem tra
   26 0000001E DB04            BLT              hoandoi
   27 00000020         
   28 00000020         tieptuc
   29 00000020 EBA1 0102       SUB              R1,R2
   30 00000024 2900            CMP              R1,#0
   31 00000026 D004            BEQ              ketqua
   32 00000028 E7F8            B                looptru
   33 0000002A         
   34 0000002A         hoandoi
   35 0000002A 4614            MOV              R4,R2
   36 0000002C 460A            MOV              R2,R1
   37 0000002E 4621            MOV              R1,R4
   38 00000030 E7F6            B                tieptuc
   39 00000032         ketqua
   40 00000032 4613            MOV              R3,R2
   41 00000034 DF11            SWI              &11
   42 00000036         thoat
   43 00000036 F04F 0300       MOV              R3,#0
   44 0000003A DF11            SWI              &11
   45 0000003C 4770            BX               LR
   46 0000003E                 ENDP
   47 0000003E         
   48 0000003E                 END
Command Line: --debug --xref --cpu=Cortex-M3 --apcs=interwork --depend=.\lab3.d
 -o.\lab3.o -IE:\Keil\ARM\RV31\INC -IE:\Keil\ARM\CMSIS\Include -IE:\Keil\ARM\In
c\ST\STM32F10x --list=.\lab3.lst lab3.s



ARM Macro Assembler    Page 1 Alphabetic symbol ordering
Relocatable symbols

RESET 00000000

Symbol: RESET
   Definitions
      At line 2 in file lab3.s
   Uses
      None
Comment: RESET unused
X 00000008

Symbol: X
   Definitions
      At line 5 in file lab3.s
   Uses
      At line 13 in file lab3.s
Comment: X used once
Y 0000000C

Symbol: Y
   Definitions
      At line 6 in file lab3.s
   Uses
      At line 14 in file lab3.s
Comment: Y used once
3 symbols



ARM Macro Assembler    Page 1 Alphabetic symbol ordering
Relocatable symbols

CT1 00000012

Symbol: CT1
   Definitions
      At line 18 in file lab3.s
   Uses
      At line 16 in file lab3.s
Comment: CT1 used once
MYCODE 00000000

Symbol: MYCODE
   Definitions
      At line 7 in file lab3.s
   Uses
      None
Comment: MYCODE unused
hoandoi 0000002A

Symbol: hoandoi
   Definitions
      At line 34 in file lab3.s
   Uses
      At line 26 in file lab3.s
Comment: hoandoi used once
ketqua 00000032

Symbol: ketqua
   Definitions
      At line 39 in file lab3.s
   Uses
      At line 31 in file lab3.s
Comment: ketqua used once
looptru 0000001C

Symbol: looptru
   Definitions
      At line 24 in file lab3.s
   Uses
      At line 32 in file lab3.s
Comment: looptru used once
start 00000000

Symbol: start
   Definitions
      At line 10 in file lab3.s
   Uses
      At line 4 in file lab3.s
Comment: start used once
thoat 00000036

Symbol: thoat
   Definitions
      At line 42 in file lab3.s
   Uses
      At line 21 in file lab3.s
      At line 23 in file lab3.s

tieptuc 00000020




ARM Macro Assembler    Page 2 Alphabetic symbol ordering
Relocatable symbols

Symbol: tieptuc
   Definitions
      At line 28 in file lab3.s
   Uses
      At line 38 in file lab3.s
Comment: tieptuc used once
8 symbols
341 symbols in table
