<html>
<body>
<pre>
<h1>µVision Build Log</h1>
<h2>Project:</h2>
F:\KMA\hopngu\thuc hanh\lab1\1.3\lab1.3.uvproj
Project File Date:  10/05/2023

<h2>Output:</h2>
assembling lab1.s...
lab1.s(16): error: A1150E: Bad symbol, not defined or external
"lab1.s" - 1 Errors, 0 Warning(s).
assembling lab1.s...
"lab1.s" - 0 Errors, 0 Warning(s).
Build target 'Target 1'
linking...
.\lab1.sct(8): warning: L6314W: No section matches pattern *(InRoot$$Sections).
Program Size: Code=28 RO-data=8 RW-data=0 ZI-data=0  
".\lab1.3" - 0 Errors, 1 Warning(s).
