ARM Linker, 5.03 [Build 76] [MDK-ARM Standard]

==============================================================================

Section Cross References

    lab51f.o(RESET) refers to lab51f.o(MYCODE) for Reset_Handler
    lab51f.o(MYCODE) refers to lab51f.o(RESET) for SPT
    lab51f.o(MYCODE) refers to lab51f.o(STORE) for DR


==============================================================================

Image Symbol Table

    Local Symbols

    Symbol Name                              Value     Ov Type        Size  Object(Section)

    lab51f.s                                 0x00000000   Number         0  lab51f.o ABSOLUTE
    RESET                                    0x08000000   Section       16  lab51f.o(RESET)
    DV                                       0x08000008   Data           3  lab51f.o(RESET)
    SPT                                      0x0800000c   Data           4  lab51f.o(RESET)
    MYCODE                                   0x08000010   Section       92  lab51f.o(MYCODE)
    CHUYEN_KI_TU_SANG_CS16                   0x08000011   Thumb Code    20  lab51f.o(MYCODE)
    STORE                                    0x20000000   Section        1  lab51f.o(STORE)
    DR                                       0x20000000   Data           1  lab51f.o(STORE)

    Global Symbols

    Symbol Name                              Value     Ov Type        Size  Object(Section)

    BuildAttributes$$THM_ISAv4$P$D$K$B$S$PE$A:L22UL41UL21$X:L11$S22US41US21$IEEE1$IW$USESV6$~STKCKD$USESV7$~SHL$OSPACE$EBA8$STANDARDLIB$EABIv2 0x00000000   Number         0  anon$$obj.o ABSOLUTE
    Reset_Handler                            0x08000025   Thumb Code     0  lab51f.o(MYCODE)



==============================================================================

Memory Map of the image

  Image Entry point : 0x08000025

  Load Region LR_IROM1 (Base: 0x08000000, Size: 0x00000070, Max: 0x00020000, ABSOLUTE)

    Execution Region ER_IROM1 (Base: 0x08000000, Size: 0x0000006c, Max: 0x00020000, ABSOLUTE)

    Base Addr    Size         Type   Attr      Idx    E Section Name        Object

    0x08000000   0x00000010   Data   RO            1    RESET               lab51f.o
    0x08000010   0x0000005c   Code   RO            3  * MYCODE              lab51f.o


    Execution Region RW_IRAM1 (Base: 0x20000000, Size: 0x00000004, Max: 0x00002000, ABSOLUTE)

    Base Addr    Size         Type   Attr      Idx    E Section Name        Object

    0x20000000   0x00000001   Data   RW            2    STORE               lab51f.o


==============================================================================

Image component sizes


      Code (inc. data)   RO Data    RW Data    ZI Data      Debug   Object Name

        92          8         16          1          0        316   lab51f.o

    ----------------------------------------------------------------------
        92          8         16          4          0        316   Object Totals
         0          0          0          0          0          0   (incl. Generated)
         0          0          0          3          0          0   (incl. Padding)

    ----------------------------------------------------------------------
         0          0          0          0          0          0   Library Totals
         0          0          0          0          0          0   (incl. Padding)

    ----------------------------------------------------------------------

==============================================================================


      Code (inc. data)   RO Data    RW Data    ZI Data      Debug   

        92          8         16          4          0        316   Grand Totals
        92          8         16          4          0        316   ELF Image Totals
        92          8         16          4          0          0   ROM Totals

==============================================================================

    Total RO  Size (Code + RO Data)                  108 (   0.11kB)
    Total RW  Size (RW Data + ZI Data)                 4 (   0.00kB)
    Total ROM Size (Code + RO Data + RW Data)        112 (   0.11kB)

==============================================================================

