<html>
<body>
<pre>
<h1>µVision Build Log</h1>
<h2>Project:</h2>
F:\KMA\hopngu\thuc hanh\lab4\4.1\h\lab4.1h.uvproj
Project File Date:  10/13/2023

<h2>Output:</h2>
assembling lab4.s...
lab4.s(64): warning: A1488W: PROC/FUNC at line 27 in 'lab4.s' without matching ENDP/ENDFUNC
lab4.s(64): warning: A1581W: Added 2 bytes of padding at address 0x4e
"lab4.s" - 0 Errors, 2 Warning(s).
Rebuild target 'Target 1'
assembling lab4.s...
lab4.s(64): warning: A1488W: PROC/FUNC at line 27 in 'lab4.s' without matching ENDP/ENDFUNC
lab4.s(64): warning: A1581W: Added 2 bytes of padding at address 0x4e
linking...
.\lab4.sct(8): warning: L6314W: No section matches pattern *(InRoot$$Sections).
Program Size: Code=92 RO-data=80 RW-data=0 ZI-data=0  
".\lab4.1h" - 0 Errors, 3 Warning(s).
