ARM Linker, 5.03 [Build 76] [MDK-ARM Standard]

==============================================================================

Section Cross References

    lab4.o(RESET) refers to lab4.o(MYCODE) for Reset_Handler
    lab4.o(MYCODE) refers to lab4.o(RESET) for matran


==============================================================================

Image Symbol Table

    Local Symbols

    Symbol Name                              Value     Ov Type        Size  Object(Section)

    lab4.s                                   0x00000000   Number         0  lab4.o ABSOLUTE
    RESET                                    0x08000000   Section       80  lab4.o(RESET)
    matran                                   0x08000008   Data          16  lab4.o(RESET)
    TongChan                                 0x08000048   Data           4  lab4.o(RESET)
    TongLe                                   0x0800004c   Data           4  lab4.o(RESET)
    MYCODE                                   0x08000050   Section       92  lab4.o(MYCODE)
    CHANLE                                   0x08000065   Thumb Code    58  lab4.o(MYCODE)

    Global Symbols

    Symbol Name                              Value     Ov Type        Size  Object(Section)

    BuildAttributes$$THM_ISAv4$P$D$K$B$S$PE$A:L22UL41UL21$X:L11$S22US41US21$IEEE1$IW$USESV6$~STKCKD$USESV7$~SHL$OSPACE$EBA8$STANDARDLIB$PRES8$EABIv2 0x00000000   Number         0  anon$$obj.o ABSOLUTE
    Reset_Handler                            0x08000051   Thumb Code     0  lab4.o(MYCODE)



==============================================================================

Memory Map of the image

  Image Entry point : 0x08000051

  Load Region LR_IROM1 (Base: 0x08000000, Size: 0x000000ac, Max: 0x00020000, ABSOLUTE)

    Execution Region ER_IROM1 (Base: 0x08000000, Size: 0x000000ac, Max: 0x00020000, ABSOLUTE)

    Base Addr    Size         Type   Attr      Idx    E Section Name        Object

    0x08000000   0x00000050   Data   RO            1    RESET               lab4.o
    0x08000050   0x0000005c   Code   RO            2  * MYCODE              lab4.o


    Execution Region RW_IRAM1 (Base: 0x20000000, Size: 0x00000000, Max: 0x00004000, ABSOLUTE)

    **** No section assigned to this execution region ****


==============================================================================

Image component sizes


      Code (inc. data)   RO Data    RW Data    ZI Data      Debug   Object Name

        92         14         80          0          0        300   lab4.o

    ----------------------------------------------------------------------
        92         14         80          0          0        300   Object Totals
         0          0          0          0          0          0   (incl. Generated)
         0          0          0          0          0          0   (incl. Padding)

    ----------------------------------------------------------------------
         0          0          0          0          0          0   Library Totals
         0          0          0          0          0          0   (incl. Padding)

    ----------------------------------------------------------------------

==============================================================================


      Code (inc. data)   RO Data    RW Data    ZI Data      Debug   

        92         14         80          0          0        300   Grand Totals
        92         14         80          0          0        300   ELF Image Totals
        92         14         80          0          0          0   ROM Totals

==============================================================================

    Total RO  Size (Code + RO Data)                  172 (   0.17kB)
    Total RW  Size (RW Data + ZI Data)                 0 (   0.00kB)
    Total ROM Size (Code + RO Data + RW Data)        172 (   0.17kB)

==============================================================================

