


ARM Macro Assembler    Page 1 


    1 00000000         ; Khai bao doan du lieu
    2 00000000                 AREA             RESET, DATA, READONLY
    3 00000000 20001000        DCD              0x20001000  ; stack pointer val
                                                            ue when stack is em
                                                            pty
    4 00000004 00000000        DCD              Reset_Handler ; reset vector
    5 00000008         
    6 00000008         ; Khai bao doan ma lenh
    7 00000008                 AREA             MYCODE, CODE, READONLY
    8 00000000         
    9 00000000                 ENTRY                        ;Khai bao diem vao 
                                                            chuong trinh
   10 00000000                 EXPORT           Reset_Handler
   11 00000000         
   12 00000000         Reset_Handler
   13 00000000         ;-------------------------------------------------------
                       ------------------
   14 00000000         ; Bat dau doan code (Diem vao cua chuong trinh)---------
                       ------------------
   15 00000000 00000018 
                       X       EQU              24
   16 00000000 00000024 
                       Y       EQU              36
   17 00000000 F04F 0000       MOV              R0,#0
   18 00000004 F04F 0118       LDR              R1,=X
   19 00000008 F04F 0224       LDR              R2,=Y
   20 0000000C         
   21 0000000C         
   22 0000000C 2900            CMP              R1,#0
   23 0000000E DD0E            BLE              thoat
   24 00000010 2A00            CMP              R2,#0
   25 00000012 DD0C            BLE              thoat
   26 00000014         looptru
   27 00000014 4291            CMP              R1,R2       ;kiem tra
   28 00000016 DB04            BLT              hoandoi
   29 00000018         
   30 00000018         tieptuc
   31 00000018 EBA1 0102       SUB              R1,R2
   32 0000001C 2900            CMP              R1,#0
   33 0000001E D004            BEQ              ketqua
   34 00000020 E7F8            B                looptru
   35 00000022         
   36 00000022         hoandoi
   37 00000022 4614            MOV              R4,R2
   38 00000024 460A            MOV              R2,R1
   39 00000026 4621            MOV              R1,R4
   40 00000028 E7F6            B                tieptuc
   41 0000002A         ketqua
   42 0000002A 4613            MOV              R3,R2
   43 0000002C DF11            SWI              &11
   44 0000002E         
   45 0000002E         thoat
   46 0000002E F04F 0300       MOV              R3,#0
   47 00000032 DF11            SWI              &11
   48 00000034         
   49 00000034         ;-------------------------------------------------------
                       ------------------
   50 00000034                 END                          ;Ket thuc chuong tr
                                                            inhf



ARM Macro Assembler    Page 2 


Command Line: --debug --xref --cpu=Cortex-M3 --apcs=interwork --depend=.\lab1.d
 -o.\lab1.o -IE:\Keil\ARM\RV31\INC -IE:\Keil\ARM\CMSIS\Include -IE:\Keil\ARM\In
c\ST\STM32F10x --list=.\lab1.lst lab1.s



ARM Macro Assembler    Page 1 Alphabetic symbol ordering
Relocatable symbols

RESET 00000000

Symbol: RESET
   Definitions
      At line 2 in file lab1.s
   Uses
      None
Comment: RESET unused
1 symbol



ARM Macro Assembler    Page 1 Alphabetic symbol ordering
Relocatable symbols

MYCODE 00000000

Symbol: MYCODE
   Definitions
      At line 7 in file lab1.s
   Uses
      None
Comment: MYCODE unused
Reset_Handler 00000000

Symbol: Reset_Handler
   Definitions
      At line 12 in file lab1.s
   Uses
      At line 4 in file lab1.s
      At line 10 in file lab1.s

hoandoi 00000022

Symbol: hoandoi
   Definitions
      At line 36 in file lab1.s
   Uses
      At line 28 in file lab1.s
Comment: hoandoi used once
ketqua 0000002A

Symbol: ketqua
   Definitions
      At line 41 in file lab1.s
   Uses
      At line 33 in file lab1.s
Comment: ketqua used once
looptru 00000014

Symbol: looptru
   Definitions
      At line 26 in file lab1.s
   Uses
      At line 34 in file lab1.s
Comment: looptru used once
thoat 0000002E

Symbol: thoat
   Definitions
      At line 45 in file lab1.s
   Uses
      At line 23 in file lab1.s
      At line 25 in file lab1.s

tieptuc 00000018

Symbol: tieptuc
   Definitions
      At line 30 in file lab1.s
   Uses
      At line 40 in file lab1.s
Comment: tieptuc used once
7 symbols



ARM Macro Assembler    Page 1 Alphabetic symbol ordering
Absolute symbols

X 00000018

Symbol: X
   Definitions
      At line 15 in file lab1.s
   Uses
      At line 18 in file lab1.s
Comment: X used once
Y 00000024

Symbol: Y
   Definitions
      At line 16 in file lab1.s
   Uses
      At line 19 in file lab1.s
Comment: Y used once
2 symbols
340 symbols in table
