ARM Linker, 5.03 [Build 76] [MDK-ARM Standard]

==============================================================================

Section Cross References

    lab4.o(RESET) refers to lab4.o(mycode) for start
    lab4.o(mycode) refers to lab4.o(RESET) for chuoi
    lab4.o(mycode) refers to lab4.o(KQ) for Tong


==============================================================================

Image Symbol Table

    Local Symbols

    Symbol Name                              Value     Ov Type        Size  Object(Section)

    lab4.s                                   0x00000000   Number         0  lab4.o ABSOLUTE
    RESET                                    0x08000000   Section       28  lab4.o(RESET)
    chuoi                                    0x08000008   Data          20  lab4.o(RESET)
    mycode                                   0x0800001c   Section      100  lab4.o(mycode)
    TBC                                      0x08000033   Thumb Code    62  lab4.o(mycode)
    KQ                                       0x20000000   Section       12  lab4.o(KQ)
    Tong                                     0x20000000   Data           4  lab4.o(KQ)
    Nguyen                                   0x20000004   Data           4  lab4.o(KQ)
    Du                                       0x20000008   Data           4  lab4.o(KQ)

    Global Symbols

    Symbol Name                              Value     Ov Type        Size  Object(Section)

    BuildAttributes$$THM_ISAv4$P$D$K$B$S$PE$A:L22UL41UL21$X:L11$S22US41US21$IEEE1$IW$USESV6$~STKCKD$USESV7$~SHL$OSPACE$EBA8$STANDARDLIB$EABIv2 0x00000000   Number         0  anon$$obj.o ABSOLUTE
    start                                    0x0800001d   Thumb Code     0  lab4.o(mycode)



==============================================================================

Memory Map of the image

  Image Entry point : 0x0800001d

  Load Region LR_IROM1 (Base: 0x08000000, Size: 0x0000008c, Max: 0x00020000, ABSOLUTE)

    Execution Region ER_IROM1 (Base: 0x08000000, Size: 0x00000080, Max: 0x00020000, ABSOLUTE)

    Base Addr    Size         Type   Attr      Idx    E Section Name        Object

    0x08000000   0x0000001c   Data   RO            1    RESET               lab4.o
    0x0800001c   0x00000064   Code   RO            3  * mycode              lab4.o


    Execution Region RW_IRAM1 (Base: 0x20000000, Size: 0x0000000c, Max: 0x00002000, ABSOLUTE)

    Base Addr    Size         Type   Attr      Idx    E Section Name        Object

    0x20000000   0x0000000c   Data   RW            2    KQ                  lab4.o


==============================================================================

Image component sizes


      Code (inc. data)   RO Data    RW Data    ZI Data      Debug   Object Name

       100         16         28         12          0        300   lab4.o

    ----------------------------------------------------------------------
       100         16         28         12          0        300   Object Totals
         0          0          0          0          0          0   (incl. Generated)
         0          0          0          0          0          0   (incl. Padding)

    ----------------------------------------------------------------------
         0          0          0          0          0          0   Library Totals
         0          0          0          0          0          0   (incl. Padding)

    ----------------------------------------------------------------------

==============================================================================


      Code (inc. data)   RO Data    RW Data    ZI Data      Debug   

       100         16         28         12          0        300   Grand Totals
       100         16         28         12          0        300   ELF Image Totals
       100         16         28         12          0          0   ROM Totals

==============================================================================

    Total RO  Size (Code + RO Data)                  128 (   0.13kB)
    Total RW  Size (RW Data + ZI Data)                12 (   0.01kB)
    Total ROM Size (Code + RO Data + RW Data)        140 (   0.14kB)

==============================================================================

