ARM Linker, 5.03 [Build 76] [MDK-ARM Standard]

==============================================================================

Section Cross References

    lab4.o(RESET) refers to lab4.o(MYCODE) for Reset_Handler
    lab4.o(MYCODE) refers to lab4.o(RESET) for SLPT
    lab4.o(MYCODE) refers to lab4.o(KETQUA) for KQ


==============================================================================

Image Symbol Table

    Local Symbols

    Symbol Name                              Value     Ov Type        Size  Object(Section)

    lab4.s                                   0x00000000   Number         0  lab4.o ABSOLUTE
    RESET                                    0x08000000   Section       28  lab4.o(RESET)
    SLPT                                     0x08000008   Data           4  lab4.o(RESET)
    CHUOI                                    0x0800000c   Data          16  lab4.o(RESET)
    MYCODE                                   0x0800001c   Section       88  lab4.o(MYCODE)
    KETQUA                                   0x20000000   Section        4  lab4.o(KETQUA)
    KQ                                       0x20000000   Data           4  lab4.o(KETQUA)

    Global Symbols

    Symbol Name                              Value     Ov Type        Size  Object(Section)

    BuildAttributes$$THM_ISAv4$P$D$K$B$S$PE$A:L22UL41UL21$X:L11$S22US41US21$IEEE1$IW$USESV6$~STKCKD$USESV7$~SHL$OSPACE$EBA8$STANDARDLIB$PRES8$EABIv2 0x00000000   Number         0  anon$$obj.o ABSOLUTE
    Reset_Handler                            0x0800001d   Thumb Code     0  lab4.o(MYCODE)



==============================================================================

Memory Map of the image

  Image Entry point : 0x0800001d

  Load Region LR_IROM1 (Base: 0x08000000, Size: 0x00000078, Max: 0x00020000, ABSOLUTE)

    Execution Region ER_IROM1 (Base: 0x08000000, Size: 0x00000074, Max: 0x00020000, ABSOLUTE)

    Base Addr    Size         Type   Attr      Idx    E Section Name        Object

    0x08000000   0x0000001c   Data   RO            1    RESET               lab4.o
    0x0800001c   0x00000058   Code   RO            3  * MYCODE              lab4.o


    Execution Region RW_IRAM1 (Base: 0x20000000, Size: 0x00000004, Max: 0x00002000, ABSOLUTE)

    Base Addr    Size         Type   Attr      Idx    E Section Name        Object

    0x20000000   0x00000004   Data   RW            2    KETQUA              lab4.o


==============================================================================

Image component sizes


      Code (inc. data)   RO Data    RW Data    ZI Data      Debug   Object Name

        88         10         28          4          0        216   lab4.o

    ----------------------------------------------------------------------
        88         10         28          4          0        216   Object Totals
         0          0          0          0          0          0   (incl. Generated)
         0          0          0          0          0          0   (incl. Padding)

    ----------------------------------------------------------------------
         0          0          0          0          0          0   Library Totals
         0          0          0          0          0          0   (incl. Padding)

    ----------------------------------------------------------------------

==============================================================================


      Code (inc. data)   RO Data    RW Data    ZI Data      Debug   

        88         10         28          4          0        216   Grand Totals
        88         10         28          4          0        216   ELF Image Totals
        88         10         28          4          0          0   ROM Totals

==============================================================================

    Total RO  Size (Code + RO Data)                  116 (   0.11kB)
    Total RW  Size (RW Data + ZI Data)                 4 (   0.00kB)
    Total ROM Size (Code + RO Data + RW Data)        120 (   0.12kB)

==============================================================================

