ARM Linker, 5.03 [Build 76] [MDK-ARM Standard]

==============================================================================

Section Cross References

    lab51b.o(RESET) refers to lab51b.o(MYCODE) for start
    lab51b.o(MYCODE) refers to lab51b.o(RESET) for Coso10_CS2
    lab51b.o(MYCODE) refers to lab51b.o(KETQUA) for Coso1002


==============================================================================

Image Symbol Table

    Local Symbols

    Symbol Name                              Value     Ov Type        Size  Object(Section)

    lab51b.s                                 0x00000000   Number         0  lab51b.o ABSOLUTE
    RESET                                    0x08000000   Section       12  lab51b.o(RESET)
    Coso10_CS2                               0x08000008   Data           4  lab51b.o(RESET)
    MYCODE                                   0x0800000c   Section       44  lab51b.o(MYCODE)
    start                                    0x0800000d   Thumb Code     0  lab51b.o(MYCODE)
    KETQUA                                   0x20000000   Section        1  lab51b.o(KETQUA)
    Coso1002                                 0x20000000   Data           1  lab51b.o(KETQUA)

    Global Symbols

    Symbol Name                              Value     Ov Type        Size  Object(Section)

    BuildAttributes$$THM_ISAv4$P$D$K$B$S$PE$A:L22UL41UL21$X:L11$S22US41US21$IEEE1$IW$USESV6$~STKCKD$USESV7$~SHL$OSPACE$EBA8$STANDARDLIB$PRES8$EABIv2 0x00000000   Number         0  anon$$obj.o ABSOLUTE



==============================================================================

Memory Map of the image

  Image Entry point : 0x0800000d

  Load Region LR_IROM1 (Base: 0x08000000, Size: 0x0000003c, Max: 0x00020000, ABSOLUTE)

    Execution Region ER_IROM1 (Base: 0x08000000, Size: 0x00000038, Max: 0x00020000, ABSOLUTE)

    Base Addr    Size         Type   Attr      Idx    E Section Name        Object

    0x08000000   0x0000000c   Data   RO            1    RESET               lab51b.o
    0x0800000c   0x0000002c   Code   RO            3  * MYCODE              lab51b.o


    Execution Region RW_IRAM1 (Base: 0x20000000, Size: 0x00000004, Max: 0x00002000, ABSOLUTE)

    Base Addr    Size         Type   Attr      Idx    E Section Name        Object

    0x20000000   0x00000001   Data   RW            2    KETQUA              lab51b.o


==============================================================================

Image component sizes


      Code (inc. data)   RO Data    RW Data    ZI Data      Debug   Object Name

        44          4         12          1          0        200   lab51b.o

    ----------------------------------------------------------------------
        44          4         12          4          0        200   Object Totals
         0          0          0          0          0          0   (incl. Generated)
         0          0          0          3          0          0   (incl. Padding)

    ----------------------------------------------------------------------
         0          0          0          0          0          0   Library Totals
         0          0          0          0          0          0   (incl. Padding)

    ----------------------------------------------------------------------

==============================================================================


      Code (inc. data)   RO Data    RW Data    ZI Data      Debug   

        44          4         12          4          0        200   Grand Totals
        44          4         12          4          0        200   ELF Image Totals
        44          4         12          4          0          0   ROM Totals

==============================================================================

    Total RO  Size (Code + RO Data)                   56 (   0.05kB)
    Total RW  Size (RW Data + ZI Data)                 4 (   0.00kB)
    Total ROM Size (Code + RO Data + RW Data)         60 (   0.06kB)

==============================================================================

