ARM Linker, 5.03 [Build 76] [MDK-ARM Standard]

==============================================================================

Section Cross References

    lab3.o(RESET) refers to lab3.o(mycode) for start
    lab3.o(mycode) refers to lab3.o(RESET) for N


==============================================================================

Image Symbol Table

    Local Symbols

    Symbol Name                              Value     Ov Type        Size  Object(Section)

    lab3.s                                   0x00000000   Number         0  lab3.o ABSOLUTE
    RESET                                    0x08000000   Section       12  lab3.o(RESET)
    N                                        0x08000008   Data           4  lab3.o(RESET)
    mycode                                   0x0800000c   Section       52  lab3.o(mycode)
    start                                    0x0800000d   Thumb Code     0  lab3.o(mycode)
    chanle                                   0x08000027   Thumb Code    26  lab3.o(mycode)

    Global Symbols

    Symbol Name                              Value     Ov Type        Size  Object(Section)

    BuildAttributes$$THM_ISAv4$P$D$K$B$S$PE$A:L22UL41UL21$X:L11$S22US41US21$IEEE1$IW$USESV6$~STKCKD$USESV7$~SHL$OSPACE$EBA8$STANDARDLIB$PRES8$EABIv2 0x00000000   Number         0  anon$$obj.o ABSOLUTE



==============================================================================

Memory Map of the image

  Image Entry point : 0x0800000d

  Load Region LR_IROM1 (Base: 0x08000000, Size: 0x00000040, Max: 0x00020000, ABSOLUTE)

    Execution Region ER_IROM1 (Base: 0x08000000, Size: 0x00000040, Max: 0x00020000, ABSOLUTE)

    Base Addr    Size         Type   Attr      Idx    E Section Name        Object

    0x08000000   0x0000000c   Data   RO            1    RESET               lab3.o
    0x0800000c   0x00000034   Code   RO            2  * mycode              lab3.o


    Execution Region RW_IRAM1 (Base: 0x20000000, Size: 0x00000000, Max: 0x00004000, ABSOLUTE)

    **** No section assigned to this execution region ****


==============================================================================

Image component sizes


      Code (inc. data)   RO Data    RW Data    ZI Data      Debug   Object Name

        52          0         12          0          0        292   lab3.o

    ----------------------------------------------------------------------
        52          0         12          0          0        292   Object Totals
         0          0          0          0          0          0   (incl. Generated)
         0          0          0          0          0          0   (incl. Padding)

    ----------------------------------------------------------------------
         0          0          0          0          0          0   Library Totals
         0          0          0          0          0          0   (incl. Padding)

    ----------------------------------------------------------------------

==============================================================================


      Code (inc. data)   RO Data    RW Data    ZI Data      Debug   

        52          0         12          0          0        292   Grand Totals
        52          0         12          0          0        292   ELF Image Totals
        52          0         12          0          0          0   ROM Totals

==============================================================================

    Total RO  Size (Code + RO Data)                   64 (   0.06kB)
    Total RW  Size (RW Data + ZI Data)                 0 (   0.00kB)
    Total ROM Size (Code + RO Data + RW Data)         64 (   0.06kB)

==============================================================================

